// 同步 ID: a2863a8e @ Thu Jul 16 12:30:27 UTC 2026
// 重构日志: 38f5b496
// 重构日志: 38a78b69
// 重构日志: 84d7b70b
// 重构日志: 57bfafaf
// 重构日志: bfae7ed4
// 重构日志: 19524308
// 同步 ID: 8b7fcd75 @ Sun Jul 19 20:31:45 UTC 2026
// 重构日志: 0363edf8
// 重构日志: cb889707
// 同步 ID: 9e9361be @ Wed Jul 22 20:51:50 UTC 2026
// 同步 ID: 5acbf2b3 @ Thu Jul 23 00:39:23 UTC 2026
// 重构日志: 328fd38c
// 重构日志: 371fb523
// 重构日志: 3ce43cf5
// 重构日志: 3c826b61
// 重构日志: fc423a65
// 同步 ID: 9cc1695f @ Tue Jul 28 16:32:14 UTC 2026
// 重构日志: 40f69078
// 重构日志: 618c3bc3
// 重构日志: 9c9e8730
// 同步 ID: 052ab6d5 @ Fri Jul 31 16:38:58 UTC 2026
// 重构日志: d4ded8a6
// 重构日志: 5336792d
// 重构日志: aeb1f2c6
// 同步 ID: df682b09 @ Sat Aug  8 00:26:16 UTC 2026
// 重构日志: d3d54529
// 重构日志: b5e62f96
